1. Executing Verilog-2005 frontend: /home/shiyq/Open3DBench/OpenROAD-3D/flow/designs/src/aes/aes_cipher_top.v
2. Executing Verilog-2005 frontend: /home/shiyq/Open3DBench/OpenROAD-3D/flow/designs/src/aes/aes_inv_cipher_top.v
3. Executing Verilog-2005 frontend: /home/shiyq/Open3DBench/OpenROAD-3D/flow/designs/src/aes/aes_inv_sbox.v
4. Executing Verilog-2005 frontend: /home/shiyq/Open3DBench/OpenROAD-3D/flow/designs/src/aes/aes_key_expand_128.v
5. Executing Verilog-2005 frontend: /home/shiyq/Open3DBench/OpenROAD-3D/flow/designs/src/aes/aes_rcon.v
6. Executing Verilog-2005 frontend: /home/shiyq/Open3DBench/OpenROAD-3D/flow/designs/src/aes/aes_sbox.v
7. Executing Verilog-2005 frontend: /home/shiyq/Open3DBench/OpenROAD-3D/flow/designs/src/aes/timescale.v
8. Executing Liberty frontend: ./objects/nangate45/aes/2D/lib/NangateOpenCellLibrary_typical.lib
9. Executing Verilog-2005 frontend: /home/shiyq/Open3DBench/OpenROAD-3D/flow/platforms/nangate45/cells_clkgate.v
10. Executing SYNTH pass.
10.1. Executing HIERARCHY pass (managing design hierarchy).
10.2. Executing AST frontend in derive mode using pre-parsed AST for module `\aes_cipher_top'.
10.2.1. Analyzing design hierarchy..
10.2.2. Executing AST frontend in derive mode using pre-parsed AST for module `\aes_sbox'.
10.2.3. Executing AST frontend in derive mode using pre-parsed AST for module `\aes_key_expand_128'.
Warning: Replacing memory \w with list of registers. See /home/shiyq/Open3DBench/OpenROAD-3D/flow/designs/src/aes/aes_key_expand_128.v:73
10.2.4. Analyzing design hierarchy..
10.2.5. Executing AST frontend in derive mode using pre-parsed AST for module `\aes_rcon'.
10.2.6. Analyzing design hierarchy..
10.2.7. Analyzing design hierarchy..
10.3. Executing PROC pass (convert processes to netlists).
10.3.1. Executing PROC_CLEAN pass (remove empty switches from decision trees).
10.3.2. Executing PROC_RMDEAD pass (remove dead branches from decision trees).
10.3.3. Executing PROC_PRUNE pass (remove redundant assignments in processes).
10.3.4. Executing PROC_INIT pass (extract init attributes).
10.3.5. Executing PROC_ARST pass (detect async resets in processes).
10.3.6. Executing PROC_ROM pass (convert switches to ROMs).
10.3.7. Executing PROC_MUX pass (convert decision trees to multiplexers).
10.3.8. Executing PROC_DLATCH pass (convert process syncs to latches).
10.3.9. Executing PROC_DFF pass (convert process syncs to FFs).
10.3.10. Executing PROC_MEMWR pass (convert process memory writes to cells).
10.3.11. Executing PROC_CLEAN pass (remove empty switches from decision trees).
10.3.12. Executing OPT_EXPR pass (perform const folding).
10.4. Executing FLATTEN pass (flatten design).
10.5. Executing OPT_EXPR pass (perform const folding).
10.6. Executing OPT_CLEAN pass (remove unused cells and wires).
10.7. Executing CHECK pass (checking for obvious problems).
10.8. Executing OPT pass (performing simple optimizations).
10.8.1. Executing OPT_EXPR pass (perform const folding).
10.8.2. Executing OPT_MERGE pass (detect identical cells).
10.8.3. Executing OPT_MUXTREE pass (detect dead branches in mux trees).
10.8.4. Executing OPT_REDUCE pass (consolidate $*mux and $reduce_* inputs).
10.8.5. Executing OPT_MERGE pass (detect identical cells).
10.8.6. Executing OPT_DFF pass (perform DFF optimizations).
10.8.7. Executing OPT_CLEAN pass (remove unused cells and wires).
10.8.8. Executing OPT_EXPR pass (perform const folding).
10.8.9. Rerunning OPT passes. (Maybe there is more to do..)
10.8.10. Executing OPT_MUXTREE pass (detect dead branches in mux trees).
10.8.11. Executing OPT_REDUCE pass (consolidate $*mux and $reduce_* inputs).
10.8.12. Executing OPT_MERGE pass (detect identical cells).
10.8.13. Executing OPT_DFF pass (perform DFF optimizations).
10.8.14. Executing OPT_CLEAN pass (remove unused cells and wires).
10.8.15. Executing OPT_EXPR pass (perform const folding).
10.8.16. Finished OPT passes. (There is nothing left to do.)
10.9. Executing FSM pass (extract and optimize FSM).
10.9.1. Executing FSM_DETECT pass (finding FSMs in design).
10.9.2. Executing FSM_EXTRACT pass (extracting FSM from design).
10.9.3. Executing FSM_OPT pass (simple optimizations of FSMs).
10.9.4. Executing OPT_CLEAN pass (remove unused cells and wires).
10.9.5. Executing FSM_OPT pass (simple optimizations of FSMs).
10.9.6. Executing FSM_RECODE pass (re-assigning FSM state encoding).
10.9.7. Executing FSM_INFO pass (dumping all available information on FSM cells).
10.9.8. Executing FSM_MAP pass (mapping FSMs to basic logic).
10.10. Executing OPT pass (performing simple optimizations).
10.10.1. Executing OPT_EXPR pass (perform const folding).
10.10.2. Executing OPT_MERGE pass (detect identical cells).
10.10.3. Executing OPT_MUXTREE pass (detect dead branches in mux trees).
10.10.4. Executing OPT_REDUCE pass (consolidate $*mux and $reduce_* inputs).
10.10.5. Executing OPT_MERGE pass (detect identical cells).
10.10.6. Executing OPT_DFF pass (perform DFF optimizations).
10.10.7. Executing OPT_CLEAN pass (remove unused cells and wires).
10.10.8. Executing OPT_EXPR pass (perform const folding).
10.10.9. Rerunning OPT passes. (Maybe there is more to do..)
10.10.10. Executing OPT_MUXTREE pass (detect dead branches in mux trees).
10.10.11. Executing OPT_REDUCE pass (consolidate $*mux and $reduce_* inputs).
10.10.12. Executing OPT_MERGE pass (detect identical cells).
10.10.13. Executing OPT_DFF pass (perform DFF optimizations).
10.10.14. Executing OPT_CLEAN pass (remove unused cells and wires).
10.10.15. Executing OPT_EXPR pass (perform const folding).
10.10.16. Finished OPT passes. (There is nothing left to do.)
10.11. Executing WREDUCE pass (reducing word size of cells).
10.12. Executing PEEPOPT pass (run peephole optimizers).
10.13. Executing OPT_CLEAN pass (remove unused cells and wires).
10.14. Executing ALUMACC pass (create $alu and $macc cells).
10.15. Executing SHARE pass (SAT-based resource sharing).
10.16. Executing OPT pass (performing simple optimizations).
10.16.1. Executing OPT_EXPR pass (perform const folding).
10.16.2. Executing OPT_MERGE pass (detect identical cells).
10.16.3. Executing OPT_MUXTREE pass (detect dead branches in mux trees).
10.16.4. Executing OPT_REDUCE pass (consolidate $*mux and $reduce_* inputs).
10.16.5. Executing OPT_MERGE pass (detect identical cells).
10.16.6. Executing OPT_DFF pass (perform DFF optimizations).
10.16.7. Executing OPT_CLEAN pass (remove unused cells and wires).
10.16.8. Executing OPT_EXPR pass (perform const folding).
10.16.9. Finished OPT passes. (There is nothing left to do.)
10.17. Executing MEMORY pass.
10.17.1. Executing OPT_MEM pass (optimize memories).
10.17.2. Executing OPT_MEM_PRIORITY pass (removing unnecessary memory write priority relations).
10.17.3. Executing OPT_MEM_FEEDBACK pass (finding memory read-to-write feedback paths).
10.17.4. Executing MEMORY_BMUX2ROM pass (converting muxes to ROMs).
10.17.5. Executing MEMORY_DFF pass (merging $dff cells to $memrd).
10.17.6. Executing OPT_CLEAN pass (remove unused cells and wires).
10.17.7. Executing MEMORY_SHARE pass (consolidating $memrd/$memwr cells).
10.17.8. Executing OPT_MEM_WIDEN pass (optimize memories where all ports are wide).
10.17.9. Executing OPT_CLEAN pass (remove unused cells and wires).
10.17.10. Executing MEMORY_COLLECT pass (generating $mem cells).
10.18. Executing OPT_CLEAN pass (remove unused cells and wires).
10.19. Executing OPT pass (performing simple optimizations).
10.19.1. Executing OPT_EXPR pass (perform const folding).
10.19.2. Executing OPT_MERGE pass (detect identical cells).
10.19.3. Executing OPT_DFF pass (perform DFF optimizations).
10.19.4. Executing OPT_CLEAN pass (remove unused cells and wires).
10.19.5. Rerunning OPT passes. (Removed registers in this run.)
10.19.6. Executing OPT_EXPR pass (perform const folding).
10.19.7. Executing OPT_MERGE pass (detect identical cells).
10.19.8. Executing OPT_DFF pass (perform DFF optimizations).
10.19.9. Executing OPT_CLEAN pass (remove unused cells and wires).
10.19.10. Finished fast OPT passes.
10.20. Executing MEMORY_MAP pass (converting memories to logic and flip-flops).
10.21. Executing OPT pass (performing simple optimizations).
10.21.1. Executing OPT_EXPR pass (perform const folding).
10.21.2. Executing OPT_MERGE pass (detect identical cells).
10.21.3. Executing OPT_MUXTREE pass (detect dead branches in mux trees).
10.21.4. Executing OPT_REDUCE pass (consolidate $*mux and $reduce_* inputs).
10.21.5. Executing OPT_MERGE pass (detect identical cells).
10.21.6. Executing OPT_SHARE pass.
10.21.7. Executing OPT_DFF pass (perform DFF optimizations).
10.21.8. Executing OPT_CLEAN pass (remove unused cells and wires).
10.21.9. Executing OPT_EXPR pass (perform const folding).
10.21.10. Rerunning OPT passes. (Maybe there is more to do..)
10.21.11. Executing OPT_MUXTREE pass (detect dead branches in mux trees).
10.21.12. Executing OPT_REDUCE pass (consolidate $*mux and $reduce_* inputs).
10.21.13. Executing OPT_MERGE pass (detect identical cells).
10.21.14. Executing OPT_SHARE pass.
10.21.15. Executing OPT_DFF pass (perform DFF optimizations).
10.21.16. Executing OPT_CLEAN pass (remove unused cells and wires).
10.21.17. Executing OPT_EXPR pass (perform const folding).
10.21.18. Rerunning OPT passes. (Maybe there is more to do..)
10.21.19. Executing OPT_MUXTREE pass (detect dead branches in mux trees).
10.21.20. Executing OPT_REDUCE pass (consolidate $*mux and $reduce_* inputs).
10.21.21. Executing OPT_MERGE pass (detect identical cells).
10.21.22. Executing OPT_SHARE pass.
10.21.23. Executing OPT_DFF pass (perform DFF optimizations).
10.21.24. Executing OPT_CLEAN pass (remove unused cells and wires).
10.21.25. Executing OPT_EXPR pass (perform const folding).
10.21.26. Finished OPT passes. (There is nothing left to do.)
10.22. Executing TECHMAP pass (map to technology primitives).
10.22.1. Executing Verilog-2005 frontend: /home/shiyq/oss-cad-suite/lib/../share/yosys/techmap.v
10.22.2. Continuing TECHMAP pass.
10.23. Executing OPT pass (performing simple optimizations).
10.23.1. Executing OPT_EXPR pass (perform const folding).
10.23.2. Executing OPT_MERGE pass (detect identical cells).
10.23.3. Executing OPT_DFF pass (perform DFF optimizations).
10.23.4. Executing OPT_CLEAN pass (remove unused cells and wires).
10.23.5. Finished fast OPT passes.
10.24. Executing ABC pass (technology mapping using ABC).
10.24.1. Extracting gate netlist of module `\aes_cipher_top' to `<abc-temp-dir>/input.blif'..
10.25. Executing OPT pass (performing simple optimizations).
10.25.1. Executing OPT_EXPR pass (perform const folding).
10.25.2. Executing OPT_MERGE pass (detect identical cells).
10.25.3. Executing OPT_DFF pass (perform DFF optimizations).
10.25.4. Executing OPT_CLEAN pass (remove unused cells and wires).
10.25.5. Finished fast OPT passes.
10.26. Executing HIERARCHY pass (managing design hierarchy).
10.26.1. Analyzing design hierarchy..
10.26.2. Analyzing design hierarchy..
10.27. Printing statistics.
10.28. Executing CHECK pass (checking for obvious problems).
11. Executing OPT pass (performing simple optimizations).
11.1. Executing OPT_EXPR pass (perform const folding).
11.2. Executing OPT_MERGE pass (detect identical cells).
11.3. Executing OPT_MUXTREE pass (detect dead branches in mux trees).
11.4. Executing OPT_REDUCE pass (consolidate $*mux and $reduce_* inputs).
11.5. Executing OPT_MERGE pass (detect identical cells).
11.6. Executing OPT_DFF pass (perform DFF optimizations).
11.7. Executing OPT_CLEAN pass (remove unused cells and wires).
11.8. Executing OPT_EXPR pass (perform const folding).
11.9. Rerunning OPT passes. (Maybe there is more to do..)
11.10. Executing OPT_MUXTREE pass (detect dead branches in mux trees).
11.11. Executing OPT_REDUCE pass (consolidate $*mux and $reduce_* inputs).
11.12. Executing OPT_MERGE pass (detect identical cells).
11.13. Executing OPT_DFF pass (perform DFF optimizations).
11.14. Executing OPT_CLEAN pass (remove unused cells and wires).
11.15. Executing OPT_EXPR pass (perform const folding).
11.16. Finished OPT passes. (There is nothing left to do.)
12. Executing EXTRACT_FA pass (find and extract full/half adders).
