OpenROAD v2.0-17198-g8396d0866 
Features included (+) or not (-): +Charts +GPU +GUI +Python : None
This program is licensed under the BSD-3 license. See the LICENSE file for details.
Components of this program may be licensed under more restrictive licenses which must be honored.
[INFO GRT-0020] Min routing layer: metal2
[INFO GRT-0021] Max routing layer: metal20
[INFO GRT-0022] Global adjustment: 0%
[INFO GRT-0023] Grid origin: (0, 0)
[INFO GRT-0043] No OR_DEFAULT vias defined.
[INFO GRT-0088] Layer metal1  Track-Pitch = 0.1400  line-2-Via Pitch: 0.1350
[INFO GRT-0088] Layer metal2  Track-Pitch = 0.1900  line-2-Via Pitch: 0.1400
[INFO GRT-0088] Layer metal3  Track-Pitch = 0.1400  line-2-Via Pitch: 0.1400
[INFO GRT-0088] Layer metal4  Track-Pitch = 0.2800  line-2-Via Pitch: 0.2800
[INFO GRT-0088] Layer metal5  Track-Pitch = 0.2800  line-2-Via Pitch: 0.2800
[INFO GRT-0088] Layer metal6  Track-Pitch = 0.2800  line-2-Via Pitch: 0.2800
[INFO GRT-0088] Layer metal7  Track-Pitch = 0.7990  line-2-Via Pitch: 0.8000
[INFO GRT-0088] Layer metal8  Track-Pitch = 0.7990  line-2-Via Pitch: 0.8000
[INFO GRT-0088] Layer metal9  Track-Pitch = 1.5950  line-2-Via Pitch: 1.6000
[INFO GRT-0088] Layer metal10 Track-Pitch = 1.5960  line-2-Via Pitch: 1.6000
[INFO GRT-0088] Layer metal11 Track-Pitch = 1.5950  line-2-Via Pitch: 1.6000
[INFO GRT-0088] Layer metal12 Track-Pitch = 0.7990  line-2-Via Pitch: 1.6000
[INFO GRT-0088] Layer metal13 Track-Pitch = 0.2155  line-2-Via Pitch: 1.0000
[INFO GRT-0088] Layer metal14 Track-Pitch = 0.1555  line-2-Via Pitch: 0.8000
[INFO GRT-0088] Layer metal15 Track-Pitch = 0.1400  line-2-Via Pitch: 0.4100
[INFO GRT-0088] Layer metal16 Track-Pitch = 0.1160  line-2-Via Pitch: 0.2800
[INFO GRT-0088] Layer metal17 Track-Pitch = 0.2800  line-2-Via Pitch: 0.2800
[INFO GRT-0088] Layer metal18 Track-Pitch = 0.1160  line-2-Via Pitch: 0.1750
[INFO GRT-0088] Layer metal19 Track-Pitch = 0.1220  line-2-Via Pitch: 0.1400
[INFO GRT-0088] Layer metal20 Track-Pitch = 0.1710  line-2-Via Pitch: 0.1350
[INFO GRT-0019] Found 1 clock nets.
[INFO GRT-0001] Minimum degree: 2
[INFO GRT-0002] Maximum degree: 8581
[INFO GRT-0003] Macros: 10
[INFO GRT-0043] No OR_DEFAULT vias defined.
[INFO GRT-0004] Blockages: 301384

[INFO GRT-0053] Routing resources analysis:
          Routing      Original      Derated      Resource
Layer     Direction    Resources     Resources    Reduction (%)
---------------------------------------------------------------
metal1     Horizontal          0             0          0.00%
metal2     Vertical       747279        597596          20.03%
metal3     Horizontal    1018440        810265          20.44%
metal4     Vertical       475671        380228          20.06%
metal5     Horizontal     475424        473428          0.42%
metal6     Vertical       475671        474000          0.35%
metal7     Horizontal     135754        134900          0.63%
metal8     Vertical       136042        135327          0.53%
metal9     Horizontal      67877         67308          0.84%
metal10    Vertical        68021         65707          3.40%
metal11    Horizontal      67877         65463          3.56%
metal12    Vertical        68497         68256          0.35%
metal13    Horizontal     138034        137456          0.42%
metal14    Vertical       140564        140067          0.35%
metal15    Horizontal     342520        341084          0.42%
metal16    Vertical       480193        478503          0.35%
metal17    Horizontal     475424        332049          30.16%
metal18    Vertical       817918        573471          29.89%
metal19    Horizontal    1019010        531877          47.80%
metal20    Vertical       815538        577017          29.25%
---------------------------------------------------------------

[INFO GRT-0197] Via related to pin nodes: 271364
[INFO GRT-0198] Via related Steiner nodes: 11583
[INFO GRT-0199] Via filling finished.
[INFO GRT-0111] Final number of vias: 411521
[INFO GRT-0112] Final usage 3D: 2264015

[INFO GRT-0096] Final congestion report:
Layer         Resource        Demand        Usage (%)    Max H / Max V / Total Overflow
---------------------------------------------------------------------------------------
metal1               0             0            0.00%             0 /  0 /  0
metal2          597596         48431            8.10%             0 /  0 /  0
metal3          810265         72591            8.96%             0 /  0 /  0
metal4          380228         41230           10.84%             0 /  0 /  0
metal5          473428        131016           27.67%             0 /  0 /  0
metal6          474000        108832           22.96%             0 /  0 /  0
metal7          134900         33064           24.51%             0 /  0 /  0
metal8          135327         18652           13.78%             0 /  0 /  0
metal9           67308         10427           15.49%             0 /  0 /  0
metal10          65707          4267            6.49%             0 /  0 /  0
metal11          65463          6678           10.20%             0 /  0 /  0
metal12          68256         11657           17.08%             0 /  0 /  0
metal13         137456         25793           18.76%             0 /  0 /  0
metal14         140067         36689           26.19%             0 /  0 /  0
metal15         341084         85840           25.17%             0 /  0 /  0
metal16         478503         65199           13.63%             0 /  0 /  0
metal17         332049         73426           22.11%             0 /  0 /  0
metal18         573471        110195           19.22%             0 /  0 /  0
metal19         531877         79682           14.98%             0 /  0 /  0
metal20         577017         65783           11.40%             0 /  0 /  0
---------------------------------------------------------------------------------------
Total          6384002       1029452           16.13%             0 /  0 /  0

[INFO GRT-0018] Total wirelength: 2508471 um
[INFO GRT-0014] Routed nets: 53147
[WARNING STA-0101] object 'rst_ni' not found.
[WARNING STA-0472] no valid objects specified for -through
[WARNING STA-0101] object 'reset_l' not found.
[WARNING STA-0472] no valid objects specified for -through
[WARNING STA-0101] object 'p_clk_async_reset_i' not found.
[WARNING STA-0472] no valid objects specified for -through
[INFO FLW-0007] clock CLK period 2.600000
[INFO FLW-0008] Clock CLK period 2.799
[INFO FLW-0009] Clock CLK slack -0.347
[INFO FLW-0011] Path endpoint count 21443
Elapsed time: 0:43.09[h:]min:sec. CPU time: user 42.05 sys 1.01 (99%). Peak memory: 818532KB.
