OpenROAD v2.0-17198-g8396d0866 
Features included (+) or not (-): +Charts +GPU +GUI +Python : None
This program is licensed under the BSD-3 license. See the LICENSE file for details.
Components of this program may be licensed under more restrictive licenses which must be honored.
[INFO GRT-0020] Min routing layer: metal2
[INFO GRT-0021] Max routing layer: metal20
[INFO GRT-0022] Global adjustment: 0%
[INFO GRT-0023] Grid origin: (0, 0)
[INFO GRT-0043] No OR_DEFAULT vias defined.
[INFO GRT-0088] Layer metal1  Track-Pitch = 0.1400  line-2-Via Pitch: 0.1350
[INFO GRT-0088] Layer metal2  Track-Pitch = 0.1900  line-2-Via Pitch: 0.1400
[INFO GRT-0088] Layer metal3  Track-Pitch = 0.1400  line-2-Via Pitch: 0.1400
[INFO GRT-0088] Layer metal4  Track-Pitch = 0.2800  line-2-Via Pitch: 0.2800
[INFO GRT-0088] Layer metal5  Track-Pitch = 0.2800  line-2-Via Pitch: 0.2800
[INFO GRT-0088] Layer metal6  Track-Pitch = 0.2800  line-2-Via Pitch: 0.2800
[INFO GRT-0088] Layer metal7  Track-Pitch = 0.7995  line-2-Via Pitch: 0.8000
[INFO GRT-0088] Layer metal8  Track-Pitch = 0.7995  line-2-Via Pitch: 0.8000
[INFO GRT-0088] Layer metal9  Track-Pitch = 1.5975  line-2-Via Pitch: 1.6000
[INFO GRT-0088] Layer metal10 Track-Pitch = 1.5975  line-2-Via Pitch: 1.6000
[INFO GRT-0088] Layer metal11 Track-Pitch = 1.5975  line-2-Via Pitch: 1.6000
[INFO GRT-0088] Layer metal12 Track-Pitch = 1.5975  line-2-Via Pitch: 1.6000
[INFO GRT-0088] Layer metal13 Track-Pitch = 0.7995  line-2-Via Pitch: 1.0000
[INFO GRT-0088] Layer metal14 Track-Pitch = 0.7995  line-2-Via Pitch: 0.8000
[INFO GRT-0088] Layer metal15 Track-Pitch = 0.2800  line-2-Via Pitch: 0.4100
[INFO GRT-0088] Layer metal16 Track-Pitch = 0.2800  line-2-Via Pitch: 0.2800
[INFO GRT-0088] Layer metal17 Track-Pitch = 0.1400  line-2-Via Pitch: 0.2800
[INFO GRT-0088] Layer metal18 Track-Pitch = 0.1900  line-2-Via Pitch: 0.1750
[INFO GRT-0088] Layer metal19 Track-Pitch = 0.1400  line-2-Via Pitch: 0.1400
[INFO GRT-0088] Layer metal20 Track-Pitch = 0.1900  line-2-Via Pitch: 0.1350
[INFO GRT-0019] Found 1 clock nets.
[INFO GRT-0001] Minimum degree: 2
[INFO GRT-0002] Maximum degree: 21511
[INFO GRT-0003] Macros: 132
[INFO GRT-0043] No OR_DEFAULT vias defined.
[INFO GRT-0004] Blockages: 573473

[INFO GRT-0053] Routing resources analysis:
          Routing      Original      Derated      Resource
Layer     Direction    Resources     Resources    Reduction (%)
---------------------------------------------------------------
metal1     Horizontal          0             0          0.00%
metal2     Vertical      2493288       2010040          19.38%
metal3     Horizontal    3399592       2714966          20.14%
metal4     Vertical      1586508       1278124          19.44%
metal5     Horizontal    1586508       1583175          0.21%
metal6     Vertical      1586508       1583175          0.21%
metal7     Horizontal     453628        452200          0.31%
metal8     Vertical       453628        452200          0.31%
metal9     Horizontal     226576        225625          0.42%
metal10    Vertical       226576        221590          2.20%
metal11    Horizontal     226576        221559          2.21%
metal12    Vertical       226576        225625          0.42%
metal13    Horizontal     453628        452675          0.21%
metal14    Vertical       453628        452200          0.31%
metal15    Horizontal    1134308       1131925          0.21%
metal16    Vertical      1586508       1583175          0.21%
metal17    Horizontal    1590792       1195143          24.87%
metal18    Vertical      2493288       1892101          24.11%
metal19    Horizontal    3399592       2204095          35.17%
metal20    Vertical      2493288       1912494          23.29%
---------------------------------------------------------------

[INFO GRT-0197] Via related to pin nodes: 1011159
[INFO GRT-0198] Via related Steiner nodes: 45510
[INFO GRT-0199] Via filling finished.
[INFO GRT-0111] Final number of vias: 1416049
[INFO GRT-0112] Final usage 3D: 6430154

[INFO GRT-0096] Final congestion report:
Layer         Resource        Demand        Usage (%)    Max H / Max V / Total Overflow
---------------------------------------------------------------------------------------
metal1               0             0            0.00%             0 /  0 /  0
metal2         2010040        506149           25.18%             0 /  0 /  0
metal3         2714966        540008           19.89%             0 /  0 /  0
metal4         1278124         86565            6.77%             0 /  0 /  0
metal5         1583175        104045            6.57%             0 /  0 /  0
metal6         1583175         88681            5.60%             0 /  0 /  0
metal7          452200         25445            5.63%             0 /  0 /  0
metal8          452200         15512            3.43%             0 /  0 /  0
metal9          225625          9210            4.08%             0 /  0 /  0
metal10         221590          3395            1.53%             0 /  0 /  0
metal11         221559          3418            1.54%             0 /  0 /  0
metal12         225625          9869            4.37%             0 /  0 /  0
metal13         452675         13242            2.93%             0 /  0 /  0
metal14         452200         19400            4.29%             0 /  0 /  0
metal15        1131925         61857            5.46%             0 /  0 /  0
metal16        1583175         56335            3.56%             0 /  0 /  0
metal17        1195143         89396            7.48%             0 /  0 /  0
metal18        1892101        157604            8.33%             0 /  0 /  0
metal19        2204095        207412            9.41%             0 /  0 /  0
metal20        1912494        184464            9.65%             0 /  0 /  0
---------------------------------------------------------------------------------------
Total         21792087       2182007           10.01%             0 /  0 /  0

[INFO GRT-0018] Total wirelength: 5809954 um
[INFO GRT-0014] Routed nets: 172868
[WARNING STA-0101] object 'reset_i' not found.
[WARNING STA-0472] no valid objects specified for -through
[WARNING STA-0101] object 'reset_l' not found.
[WARNING STA-0472] no valid objects specified for -through
[WARNING STA-0101] object 'p_clk_async_reset_i' not found.
[WARNING STA-0472] no valid objects specified for -through
[INFO FLW-0007] clock core_clock period 4.000000
[INFO FLW-0008] Clock core_clock period 3.820
[INFO FLW-0009] Clock core_clock slack -0.021
[INFO FLW-0011] Path endpoint count 73037
Elapsed time: 4:57.95[h:]min:sec. CPU time: user 295.37 sys 2.39 (99%). Peak memory: 1862088KB.
