OpenROAD v2.0-17198-g8396d0866 
Features included (+) or not (-): +Charts +GPU +GUI +Python : None
This program is licensed under the BSD-3 license. See the LICENSE file for details.
Components of this program may be licensed under more restrictive licenses which must be honored.
[WARNING STA-0366] port 'icache_id_i[0]' not found.
[INFO GRT-0020] Min routing layer: metal2
[INFO GRT-0021] Max routing layer: metal20
[INFO GRT-0022] Global adjustment: 0%
[INFO GRT-0023] Grid origin: (0, 0)
[INFO GRT-0043] No OR_DEFAULT vias defined.
[INFO GRT-0088] Layer metal1  Track-Pitch = 0.1400  line-2-Via Pitch: 0.1350
[INFO GRT-0088] Layer metal2  Track-Pitch = 0.1900  line-2-Via Pitch: 0.1400
[INFO GRT-0088] Layer metal3  Track-Pitch = 0.1400  line-2-Via Pitch: 0.1400
[INFO GRT-0088] Layer metal4  Track-Pitch = 0.2800  line-2-Via Pitch: 0.2800
[INFO GRT-0088] Layer metal5  Track-Pitch = 0.2800  line-2-Via Pitch: 0.2800
[INFO GRT-0088] Layer metal6  Track-Pitch = 0.2800  line-2-Via Pitch: 0.2800
[INFO GRT-0088] Layer metal7  Track-Pitch = 0.7985  line-2-Via Pitch: 0.8000
[INFO GRT-0088] Layer metal8  Track-Pitch = 0.7990  line-2-Via Pitch: 0.8000
[INFO GRT-0088] Layer metal9  Track-Pitch = 1.5940  line-2-Via Pitch: 1.6000
[INFO GRT-0088] Layer metal10 Track-Pitch = 1.5960  line-2-Via Pitch: 1.6000
[INFO GRT-0088] Layer metal11 Track-Pitch = 1.5940  line-2-Via Pitch: 1.6000
[INFO GRT-0088] Layer metal12 Track-Pitch = 1.5960  line-2-Via Pitch: 1.6000
[INFO GRT-0088] Layer metal13 Track-Pitch = 0.7985  line-2-Via Pitch: 1.0000
[INFO GRT-0088] Layer metal14 Track-Pitch = 0.7990  line-2-Via Pitch: 0.8000
[INFO GRT-0088] Layer metal15 Track-Pitch = 0.2800  line-2-Via Pitch: 0.4100
[INFO GRT-0088] Layer metal16 Track-Pitch = 0.2800  line-2-Via Pitch: 0.2800
[INFO GRT-0088] Layer metal17 Track-Pitch = 0.2800  line-2-Via Pitch: 0.2800
[INFO GRT-0088] Layer metal18 Track-Pitch = 0.1900  line-2-Via Pitch: 0.1750
[INFO GRT-0088] Layer metal19 Track-Pitch = 0.1400  line-2-Via Pitch: 0.1400
[INFO GRT-0088] Layer metal20 Track-Pitch = 0.1900  line-2-Via Pitch: 0.1350
[INFO GRT-0019] Found 1 clock nets.
[INFO GRT-0001] Minimum degree: 2
[INFO GRT-0002] Maximum degree: 4327
[INFO GRT-0003] Macros: 11
[INFO GRT-0043] No OR_DEFAULT vias defined.
[INFO GRT-0004] Blockages: 139319

[INFO GRT-0053] Routing resources analysis:
          Routing      Original      Derated      Resource
Layer     Direction    Resources     Resources    Reduction (%)
---------------------------------------------------------------
metal1     Horizontal          0             0          0.00%
metal2     Vertical       595935        416286          30.15%
metal3     Horizontal     815670        565562          30.66%
metal4     Vertical       379335        264780          30.20%
metal5     Horizontal     380855        378856          0.52%
metal6     Vertical       379335        378000          0.35%
metal7     Horizontal     108775        107920          0.79%
metal8     Vertical       108490        107919          0.53%
metal9     Horizontal      54245         53676          1.05%
metal10    Vertical        54245         51938          4.25%
metal11    Horizontal      54245         51785          4.53%
metal12    Vertical        54245         53865          0.70%
metal13    Horizontal     108775        108204          0.52%
metal14    Vertical       108490        107919          0.53%
metal15    Horizontal     272935        271504          0.52%
metal16    Vertical       379335        378000          0.35%
metal17    Horizontal     380855        229736          39.68%
metal18    Vertical       595935        360834          39.45%
metal19    Horizontal     815670        415639          49.04%
metal20    Vertical       595935        365472          38.67%
---------------------------------------------------------------

[INFO GRT-0197] Via related to pin nodes: 181123
[INFO GRT-0198] Via related Steiner nodes: 8743
[INFO GRT-0199] Via filling finished.
[INFO GRT-0111] Final number of vias: 280949
[INFO GRT-0112] Final usage 3D: 1795490

[INFO GRT-0096] Final congestion report:
Layer         Resource        Demand        Usage (%)    Max H / Max V / Total Overflow
---------------------------------------------------------------------------------------
metal1               0             0            0.00%             0 /  0 /  0
metal2          416286         69881           16.79%             0 /  0 /  0
metal3          565562        103668           18.33%             0 /  0 /  0
metal4          264780         60254           22.76%             0 /  0 /  0
metal5          378856        162008           42.76%             0 /  0 /  0
metal6          378000        101150           26.76%             0 /  0 /  0
metal7          107920         32412           30.03%             0 /  0 /  0
metal8          107919         15323           14.20%             0 /  0 /  0
metal9           53676         11010           20.51%             0 /  0 /  0
metal10          51938          3318            6.39%             0 /  0 /  0
metal11          51785          7167           13.84%             0 /  0 /  0
metal12          53865          9366           17.39%             0 /  0 /  0
metal13         108204         32046           29.62%             0 /  0 /  0
metal14         107919         20167           18.69%             0 /  0 /  0
metal15         271504         82098           30.24%             0 /  0 /  0
metal16         378000         48745           12.90%             0 /  0 /  0
metal17         229736         45236           19.69%             0 /  0 /  0
metal18         360834         64746           17.94%             0 /  0 /  0
metal19         415639         53035           12.76%             0 /  0 /  0
metal20         365472         31013            8.49%             0 /  0 /  0
---------------------------------------------------------------------------------------
Total          4667895        952643           20.41%             0 /  0 /  0

[INFO GRT-0018] Total wirelength: 2221386 um
[INFO GRT-0014] Routed nets: 34442
[WARNING STA-0101] object 'rst_ni' not found.
[WARNING STA-0472] no valid objects specified for -through
[WARNING STA-0101] object 'reset_l' not found.
[WARNING STA-0472] no valid objects specified for -through
[WARNING STA-0101] object 'p_clk_async_reset_i' not found.
[WARNING STA-0472] no valid objects specified for -through
[INFO FLW-0007] clock CLK period 1.000000
[INFO FLW-0008] Clock CLK period 2.123
[INFO FLW-0009] Clock CLK slack -1.235
[INFO FLW-0011] Path endpoint count 11937
Elapsed time: 0:27.58[h:]min:sec. CPU time: user 26.93 sys 0.65 (99%). Peak memory: 672344KB.
