OpenROAD v2.0-17198-g8396d0866 
Features included (+) or not (-): +Charts +GPU +GUI +Python : None
This program is licensed under the BSD-3 license. See the LICENSE file for details.
Components of this program may be licensed under more restrictive licenses which must be honored.
[INFO GRT-0020] Min routing layer: metal2
[INFO GRT-0021] Max routing layer: metal20
[INFO GRT-0022] Global adjustment: 0%
[INFO GRT-0023] Grid origin: (0, 0)
[INFO GRT-0043] No OR_DEFAULT vias defined.
[INFO GRT-0088] Layer metal1  Track-Pitch = 0.1400  line-2-Via Pitch: 0.1350
[INFO GRT-0088] Layer metal2  Track-Pitch = 0.1900  line-2-Via Pitch: 0.1400
[INFO GRT-0088] Layer metal3  Track-Pitch = 0.1400  line-2-Via Pitch: 0.1400
[INFO GRT-0088] Layer metal4  Track-Pitch = 0.2800  line-2-Via Pitch: 0.2800
[INFO GRT-0088] Layer metal5  Track-Pitch = 0.2800  line-2-Via Pitch: 0.2800
[INFO GRT-0088] Layer metal6  Track-Pitch = 0.2800  line-2-Via Pitch: 0.2800
[INFO GRT-0088] Layer metal7  Track-Pitch = 0.8000  line-2-Via Pitch: 0.8000
[INFO GRT-0088] Layer metal8  Track-Pitch = 0.8000  line-2-Via Pitch: 0.8000
[INFO GRT-0088] Layer metal9  Track-Pitch = 1.5990  line-2-Via Pitch: 1.6000
[INFO GRT-0088] Layer metal10 Track-Pitch = 1.5990  line-2-Via Pitch: 1.6000
[INFO GRT-0088] Layer metal11 Track-Pitch = 1.5990  line-2-Via Pitch: 1.6000
[INFO GRT-0088] Layer metal12 Track-Pitch = 1.5990  line-2-Via Pitch: 1.6000
[INFO GRT-0088] Layer metal13 Track-Pitch = 0.8000  line-2-Via Pitch: 1.0000
[INFO GRT-0088] Layer metal14 Track-Pitch = 0.8000  line-2-Via Pitch: 0.8000
[INFO GRT-0088] Layer metal15 Track-Pitch = 0.2800  line-2-Via Pitch: 0.4100
[INFO GRT-0088] Layer metal16 Track-Pitch = 0.2800  line-2-Via Pitch: 0.2800
[INFO GRT-0088] Layer metal17 Track-Pitch = 0.2800  line-2-Via Pitch: 0.2800
[INFO GRT-0088] Layer metal18 Track-Pitch = 0.1900  line-2-Via Pitch: 0.1750
[INFO GRT-0088] Layer metal19 Track-Pitch = 0.1400  line-2-Via Pitch: 0.1400
[INFO GRT-0088] Layer metal20 Track-Pitch = 0.1900  line-2-Via Pitch: 0.1350
[INFO GRT-0019] Found 10 clock nets.
[INFO GRT-0001] Minimum degree: 2
[INFO GRT-0002] Maximum degree: 194036
[INFO GRT-0003] Macros: 220
[INFO GRT-0043] No OR_DEFAULT vias defined.
[INFO GRT-0004] Blockages: 5172542

[INFO GRT-0053] Routing resources analysis:
          Routing      Original      Derated      Resource
Layer     Direction    Resources     Resources    Reduction (%)
---------------------------------------------------------------
metal1     Horizontal          0             0          0.00%
metal2     Vertical     15583050      12302748          21.05%
metal3     Horizontal   21249830      16707378          21.38%
metal4     Vertical      9917460       7826376          21.08%
metal5     Horizontal    9917460       9909126          0.08%
metal6     Vertical      9917460       9909126          0.08%
metal7     Horizontal    2833390       2829820          0.13%
metal8     Vertical      2833390       2829820          0.13%
metal9     Horizontal    1416100       1413721          0.17%
metal10    Vertical      1416100       1385960          2.13%
metal11    Horizontal    1416100       1386748          2.07%
metal12    Vertical      1416100       1413721          0.17%
metal13    Horizontal    2833390       2831009          0.08%
metal14    Vertical      2833390       2829820          0.13%
metal15    Horizontal    7087640       7081684          0.08%
metal16    Vertical      9917460       9909126          0.08%
metal17    Horizontal    9917460       7680399          22.56%
metal18    Vertical     15583050      12099985          22.35%
metal19    Horizontal   21249830      13889125          34.64%
metal20    Vertical     15583050      12173232          21.88%
---------------------------------------------------------------

[INFO GRT-0101] Running extra iterations to remove overflow.
[INFO GRT-0197] Via related to pin nodes: 7102107
[INFO GRT-0198] Via related Steiner nodes: 233258
[INFO GRT-0199] Via filling finished.
[INFO GRT-0111] Final number of vias: 9911425
[INFO GRT-0112] Final usage 3D: 41132363

[INFO GRT-0096] Final congestion report:
Layer         Resource        Demand        Usage (%)    Max H / Max V / Total Overflow
---------------------------------------------------------------------------------------
metal1               0             0            0.00%             0 /  0 /  0
metal2        12302748       2308211           18.76%             0 /  0 /  0
metal3        16707378       2572927           15.40%             0 /  0 /  0
metal4         7826376        477804            6.11%             0 /  0 /  0
metal5         9909126        502783            5.07%             0 /  0 /  0
metal6         9909126        319939            3.23%             0 /  0 /  0
metal7         2829820         98721            3.49%             0 /  0 /  0
metal8         2829820         80618            2.85%             0 /  0 /  0
metal9         1413721         49413            3.50%             0 /  0 /  0
metal10        1385960         21522            1.55%             0 /  0 /  0
metal11        1386748         26954            1.94%             0 /  0 /  0
metal12        1413721         55043            3.89%             0 /  0 /  0
metal13        2831009        109270            3.86%             0 /  0 /  0
metal14        2829820         84613            2.99%             0 /  0 /  0
metal15        7081684        408981            5.78%             0 /  0 /  0
metal16        9909126        304644            3.07%             0 /  0 /  0
metal17        7680399        662784            8.63%             0 /  0 /  0
metal18       12099985        845505            6.99%             0 /  0 /  0
metal19       13889125       1179581            8.49%             0 /  0 /  0
metal20       12173232       1288775           10.59%             0 /  0 /  0
---------------------------------------------------------------------------------------
Total        136408924       11398088            8.36%             0 /  0 /  0

[INFO GRT-0018] Total wirelength: 31584510 um
[INFO GRT-0014] Routed nets: 1266237
[WARNING STA-0101] object 'rst_ni' not found.
[WARNING STA-0472] no valid objects specified for -through
[WARNING STA-0101] object 'reset_i' not found.
[WARNING STA-0472] no valid objects specified for -through
[WARNING STA-0101] object 'reset_l' not found.
[WARNING STA-0472] no valid objects specified for -through
[INFO FLW-0007] clock tag_clk period 5.200000
[WARNING FLW-0010] more than one clock found. Skipping sdc update.
[INFO FLW-0011] Path endpoint count 497748
Elapsed time: 42:45.73[h:]min:sec. CPU time: user 2547.91 sys 17.57 (99%). Peak memory: 10716728KB.
